[     149ms] [INFO] %cDownload the React DevTools for a better development experience: https://react.dev/link/react-devtools font-weight:bold @ http://localhost:3000/_next/static/chunks/node_modules_next_dist_1e8vcs8._.js:776
[     182ms] [LOG] [HMR] connected @ http://localhost:3000/_next/static/chunks/node_modules_next_dist_1e8vcs8._.js:776
[     233ms] [LOG] [OfficialPartners] published: [Object, Object, Object, Object, Object, Object] @ http://localhost:3000/_next/static/chunks/node_modules_next_dist_1e8vcs8._.js:776
[     238ms] [LOG] [OfficialPartners] published: [Object, Object, Object, Object, Object, Object] @ http://localhost:3000/_next/static/chunks/node_modules_next_dist_1e8vcs8._.js:776
[     264ms] [LOG] [OfficialPartners] published: [Object, Object, Object, Object, Object, Object] @ http://localhost:3000/_next/static/chunks/node_modules_next_dist_1e8vcs8._.js:776
[     934ms] [ERROR] Failed to load resource: the server responded with a status of 404 () @ https://api-naturafoods.alvineitsolutions.com/api/v1/sales-contacts?limit=50:0
[    1544ms] [LOG] [OfficialPartners] published: [Object, Object, Object, Object, Object, Object] @ http://localhost:3000/_next/static/chunks/node_modules_next_dist_1e8vcs8._.js:776
[    2504ms] [ERROR] Failed to load resource: net::ERR_CERT_COMMON_NAME_INVALID @ https://pub-d6914c78edb04a0e8448bb9ba55d71f8.r2.dev/partners/1789712811534-xnt3oy.png:0
[    2505ms] [ERROR] Failed to load resource: net::ERR_CERT_COMMON_NAME_INVALID @ https://pub-d6914c78edb04a0e8448bb9ba55d71f8.r2.dev/partners/1789712850300-15b5cf.png:0
[    2509ms] [ERROR] Failed to load resource: net::ERR_CERT_COMMON_NAME_INVALID @ https://pub-d6914c78edb04a0e8448bb9ba55d71f8.r2.dev/partners/1788753477143-hxh4tt.png:0
[    2651ms] [ERROR] Failed to load resource: net::ERR_CERT_COMMON_NAME_INVALID @ https://pub-d6914c78edb04a0e8448bb9ba55d71f8.r2.dev/partners/1789712791545-5nimko.png:0
[   27991ms] [WARNING] Image with src "https://cdn-naturafoods.alvineitsolutions.com/LOGO%20AVANTE%20FIX%20FINAL.png" has either width or height modified, but not the other. If you use CSS to change the size of your image, also include the styles 'width: "auto"' or 'height: "auto"' to maintain the aspect ratio. @ http://localhost:3000/_next/static/chunks/node_modules_next_dist_1e8vcs8._.js:776
[   31165ms] [LOG] [Fast Refresh] rebuilding @ http://localhost:3000/_next/static/chunks/node_modules_next_dist_1e8vcs8._.js:776
[   31189ms] [LOG] [Fast Refresh] done in 124ms @ http://localhost:3000/_next/static/chunks/node_modules_next_dist_1e8vcs8._.js:776
[   31315ms] [ERROR] Failed to load resource: the server responded with a status of 500 (Internal Server Error) @ http://localhost:3000/_next/image?url=https%3A%2F%2Fpub-d6914c78edb04a0e8448bb9ba55d71f8.r2.dev%2Fproducts%2F1789432804317-06u0s6.png&w=640&q=75:0
[   31315ms] [ERROR] Failed to load resource: the server responded with a status of 500 (Internal Server Error) @ http://localhost:3000/_next/image?url=https%3A%2F%2Fpub-d6914c78edb04a0e8448bb9ba55d71f8.r2.dev%2Fproducts%2F1789432769135-bhl3gx.png&w=640&q=75:0
[   31315ms] [ERROR] Failed to load resource: the server responded with a status of 500 (Internal Server Error) @ http://localhost:3000/_next/image?url=https%3A%2F%2Fpub-d6914c78edb04a0e8448bb9ba55d71f8.r2.dev%2Fproducts%2F1789432701798-nlme4u.png&w=640&q=75:0
[   31315ms] [ERROR] Failed to load resource: the server responded with a status of 500 (Internal Server Error) @ http://localhost:3000/_next/image?url=https%3A%2F%2Fpub-d6914c78edb04a0e8448bb9ba55d71f8.r2.dev%2Fproducts%2F1789427977308-jjokr4.png&w=640&q=75:0
[   31395ms] [ERROR] Failed to load resource: the server responded with a status of 500 (Internal Server Error) @ http://localhost:3000/_next/image?url=https%3A%2F%2Fpub-d6914c78edb04a0e8448bb9ba55d71f8.r2.dev%2Fproducts%2F1789427839942-6w13l4.png&w=640&q=75:0
[   31395ms] [ERROR] Failed to load resource: the server responded with a status of 500 (Internal Server Error) @ http://localhost:3000/_next/image?url=https%3A%2F%2Fpub-d6914c78edb04a0e8448bb9ba55d71f8.r2.dev%2Fproducts%2F1789427957736-5vrv8k.png&w=640&q=75:0
[   31415ms] [ERROR] Failed to load resource: the server responded with a status of 500 (Internal Server Error) @ http://localhost:3000/_next/image?url=https%3A%2F%2Fpub-d6914c78edb04a0e8448bb9ba55d71f8.r2.dev%2Fproducts%2F1789427881558-6mdkpl.png&w=640&q=75:0
[   31415ms] [ERROR] Failed to load resource: the server responded with a status of 500 (Internal Server Error) @ http://localhost:3000/_next/image?url=https%3A%2F%2Fpub-d6914c78edb04a0e8448bb9ba55d71f8.r2.dev%2Fproducts%2F1789427945077-fi5zkq.png&w=640&q=75:0
[   31556ms] [ERROR] Failed to load resource: the server responded with a status of 500 (Internal Server Error) @ http://localhost:3000/_next/image?url=https%3A%2F%2Fpub-d6914c78edb04a0e8448bb9ba55d71f8.r2.dev%2Fproducts%2F1789718872295-huldnt.png&w=640&q=75:0
[   31556ms] [ERROR] Failed to load resource: the server responded with a status of 500 (Internal Server Error) @ http://localhost:3000/_next/image?url=https%3A%2F%2Fpub-d6914c78edb04a0e8448bb9ba55d71f8.r2.dev%2Fproducts%2F1789427228676-6y6vo1.png&w=640&q=75:0
[   31556ms] [ERROR] Failed to load resource: the server responded with a status of 500 (Internal Server Error) @ http://localhost:3000/_next/image?url=https%3A%2F%2Fpub-d6914c78edb04a0e8448bb9ba55d71f8.r2.dev%2Fproducts%2F1789427378543-1mlqub.png&w=640&q=75:0
